Archive member included to satisfy reference by file (symbol)

d:/gnu arm embedded toolchain/10 2021.10/bin/../lib/gcc/arm-none-eabi/10.3.1/thumb/v7e-m/nofp\libgcc.a(_aeabi_uldivmod.o)
                              CMakeFiles/mavlink_test.elf.dir/Drivers/STM32F4xx_HAL_Driver/Src/stm32f4xx_hal_rcc.c.obj (__aeabi_uldivmod)
d:/gnu arm embedded toolchain/10 2021.10/bin/../lib/gcc/arm-none-eabi/10.3.1/thumb/v7e-m/nofp\libgcc.a(_udivmoddi4.o)
                              d:/gnu arm embedded toolchain/10 2021.10/bin/../lib/gcc/arm-none-eabi/10.3.1/thumb/v7e-m/nofp\libgcc.a(_aeabi_uldivmod.o) (__udivmoddi4)
d:/gnu arm embedded toolchain/10 2021.10/bin/../lib/gcc/arm-none-eabi/10.3.1/thumb/v7e-m/nofp\libgcc.a(_dvmd_tls.o)
                              d:/gnu arm embedded toolchain/10 2021.10/bin/../lib/gcc/arm-none-eabi/10.3.1/thumb/v7e-m/nofp\libgcc.a(_aeabi_uldivmod.o) (__aeabi_ldiv0)
d:/gnu arm embedded toolchain/10 2021.10/bin/../lib/gcc/arm-none-eabi/10.3.1/../../../../arm-none-eabi/lib/thumb/v7e-m/nofp\libg.a(lib_a-errno.o)
                              CMakeFiles/mavlink_test.elf.dir/Core/Src/syscalls.c.obj (__errno)
d:/gnu arm embedded toolchain/10 2021.10/bin/../lib/gcc/arm-none-eabi/10.3.1/../../../../arm-none-eabi/lib/thumb/v7e-m/nofp\libg.a(lib_a-exit.o)
                              d:/gnu arm embedded toolchain/10 2021.10/bin/../lib/gcc/arm-none-eabi/10.3.1/../../../../arm-none-eabi/lib/thumb/v7e-m/nofp/crt0.o (exit)
d:/gnu arm embedded toolchain/10 2021.10/bin/../lib/gcc/arm-none-eabi/10.3.1/../../../../arm-none-eabi/lib/thumb/v7e-m/nofp\libg.a(lib_a-impure.o)
                              d:/gnu arm embedded toolchain/10 2021.10/bin/../lib/gcc/arm-none-eabi/10.3.1/../../../../arm-none-eabi/lib/thumb/v7e-m/nofp\libg.a(lib_a-exit.o) (_global_impure_ptr)
d:/gnu arm embedded toolchain/10 2021.10/bin/../lib/gcc/arm-none-eabi/10.3.1/../../../../arm-none-eabi/lib/thumb/v7e-m/nofp\libg.a(lib_a-init.o)
                              d:/gnu arm embedded toolchain/10 2021.10/bin/../lib/gcc/arm-none-eabi/10.3.1/../../../../arm-none-eabi/lib/thumb/v7e-m/nofp/crt0.o (__libc_init_array)
d:/gnu arm embedded toolchain/10 2021.10/bin/../lib/gcc/arm-none-eabi/10.3.1/../../../../arm-none-eabi/lib/thumb/v7e-m/nofp\libg.a(lib_a-memset.o)
                              d:/gnu arm embedded toolchain/10 2021.10/bin/../lib/gcc/arm-none-eabi/10.3.1/../../../../arm-none-eabi/lib/thumb/v7e-m/nofp/crt0.o (memset)
d:/gnu arm embedded toolchain/10 2021.10/bin/../lib/gcc/arm-none-eabi/10.3.1/../../../../arm-none-eabi/lib/thumb/v7e-m/nofp\libg.a(lib_a-__call_atexit.o)
                              d:/gnu arm embedded toolchain/10 2021.10/bin/../lib/gcc/arm-none-eabi/10.3.1/../../../../arm-none-eabi/lib/thumb/v7e-m/nofp\libg.a(lib_a-exit.o) (__call_exitprocs)
d:/gnu arm embedded toolchain/10 2021.10/bin/../lib/gcc/arm-none-eabi/10.3.1/../../../../arm-none-eabi/lib/thumb/v7e-m/nofp\libg.a(lib_a-atexit.o)
                              d:/gnu arm embedded toolchain/10 2021.10/bin/../lib/gcc/arm-none-eabi/10.3.1/../../../../arm-none-eabi/lib/thumb/v7e-m/nofp\libg.a(lib_a-__call_atexit.o) (atexit)
d:/gnu arm embedded toolchain/10 2021.10/bin/../lib/gcc/arm-none-eabi/10.3.1/../../../../arm-none-eabi/lib/thumb/v7e-m/nofp\libg.a(lib_a-fini.o)
                              d:/gnu arm embedded toolchain/10 2021.10/bin/../lib/gcc/arm-none-eabi/10.3.1/../../../../arm-none-eabi/lib/thumb/v7e-m/nofp\libg.a(lib_a-__call_atexit.o) (__libc_fini_array)
d:/gnu arm embedded toolchain/10 2021.10/bin/../lib/gcc/arm-none-eabi/10.3.1/../../../../arm-none-eabi/lib/thumb/v7e-m/nofp\libg.a(lib_a-lock.o)
                              d:/gnu arm embedded toolchain/10 2021.10/bin/../lib/gcc/arm-none-eabi/10.3.1/../../../../arm-none-eabi/lib/thumb/v7e-m/nofp\libg.a(lib_a-__call_atexit.o) (__retarget_lock_acquire_recursive)
d:/gnu arm embedded toolchain/10 2021.10/bin/../lib/gcc/arm-none-eabi/10.3.1/../../../../arm-none-eabi/lib/thumb/v7e-m/nofp\libg.a(lib_a-__atexit.o)
                              d:/gnu arm embedded toolchain/10 2021.10/bin/../lib/gcc/arm-none-eabi/10.3.1/../../../../arm-none-eabi/lib/thumb/v7e-m/nofp\libg.a(lib_a-atexit.o) (__register_exitproc)

Discarded input sections

 .text          0x00000000        0x0 d:/gnu arm embedded toolchain/10 2021.10/bin/../lib/gcc/arm-none-eabi/10.3.1/thumb/v7e-m/nofp/crti.o
 .data          0x00000000        0x0 d:/gnu arm embedded toolchain/10 2021.10/bin/../lib/gcc/arm-none-eabi/10.3.1/thumb/v7e-m/nofp/crti.o
 .bss           0x00000000        0x0 d:/gnu arm embedded toolchain/10 2021.10/bin/../lib/gcc/arm-none-eabi/10.3.1/thumb/v7e-m/nofp/crti.o
 .data          0x00000000        0x4 d:/gnu arm embedded toolchain/10 2021.10/bin/../lib/gcc/arm-none-eabi/10.3.1/thumb/v7e-m/nofp/crtbegin.o
 .rodata        0x00000000       0x24 d:/gnu arm embedded toolchain/10 2021.10/bin/../lib/gcc/arm-none-eabi/10.3.1/thumb/v7e-m/nofp/crtbegin.o
[...]
Memory Configuration

Name             Origin             Length             Attributes
CCMRAM           0x10000000         0x00010000         xrw
RAM              0x20000000         0x00030000         xrw
FLASH            0x08000000         0x00200000         xr
*default*        0x00000000         0xffffffff

Linker script and memory map

LOAD d:/gnu arm embedded toolchain/10 2021.10/bin/../lib/gcc/arm-none-eabi/10.3.1/thumb/v7e-m/nofp/crti.o
LOAD d:/gnu arm embedded toolchain/10 2021.10/bin/../lib/gcc/arm-none-eabi/10.3.1/thumb/v7e-m/nofp/crtbegin.o
LOAD d:/gnu arm embedded toolchain/10 2021.10/bin/../lib/gcc/arm-none-eabi/10.3.1/../../../../arm-none-eabi/lib/thumb/v7e-m/nofp/crt0.o
LOAD CMakeFiles/mavlink_test.elf.dir/Core/Src/gpio.c.obj
LOAD CMakeFiles/mavlink_test.elf.dir/Core/Src/main.c.obj
LOAD CMakeFiles/mavlink_test.elf.dir/Core/Src/stm32f4xx_hal_msp.c.obj
LOAD CMakeFiles/mavlink_test.elf.dir/Core/Src/stm32f4xx_it.c.obj
LOAD CMakeFiles/mavlink_test.elf.dir/Core/Src/syscalls.c.obj
LOAD CMakeFiles/mavlink_test.elf.dir/Core/Src/sysmem.c.obj
LOAD CMakeFiles/mavlink_test.elf.dir/Core/Src/system_stm32f4xx.c.obj
LOAD CMakeFiles/mavlink_test.elf.dir/Core/Startup/startup_stm32f427iihx.s.obj
LOAD CMakeFiles/mavlink_test.elf.dir/Drivers/STM32F4xx_HAL_Driver/Src/stm32f4xx_hal.c.obj
LOAD CMakeFiles/mavlink_test.elf.dir/Drivers/STM32F4xx_HAL_Driver/Src/stm32f4xx_hal_cortex.c.obj
LOAD CMakeFiles/mavlink_test.elf.dir/Drivers/STM32F4xx_HAL_Driver/Src/stm32f4xx_hal_dma.c.obj
LOAD CMakeFiles/mavlink_test.elf.dir/Drivers/STM32F4xx_HAL_Driver/Src/stm32f4xx_hal_dma_ex.c.obj
LOAD CMakeFiles/mavlink_test.elf.dir/Drivers/STM32F4xx_HAL_Driver/Src/stm32f4xx_hal_exti.c.obj
LOAD CMakeFiles/mavlink_test.elf.dir/Drivers/STM32F4xx_HAL_Driver/Src/stm32f4xx_hal_flash.c.obj
LOAD CMakeFiles/mavlink_test.elf.dir/Drivers/STM32F4xx_HAL_Driver/Src/stm32f4xx_hal_flash_ex.c.obj
LOAD CMakeFiles/mavlink_test.elf.dir/Drivers/STM32F4xx_HAL_Driver/Src/stm32f4xx_hal_flash_ramfunc.c.obj
LOAD CMakeFiles/mavlink_test.elf.dir/Drivers/STM32F4xx_HAL_Driver/Src/stm32f4xx_hal_gpio.c.obj
LOAD CMakeFiles/mavlink_test.elf.dir/Drivers/STM32F4xx_HAL_Driver/Src/stm32f4xx_hal_pwr.c.obj
LOAD CMakeFiles/mavlink_test.elf.dir/Drivers/STM32F4xx_HAL_Driver/Src/stm32f4xx_hal_pwr_ex.c.obj
LOAD CMakeFiles/mavlink_test.elf.dir/Drivers/STM32F4xx_HAL_Driver/Src/stm32f4xx_hal_rcc.c.obj
LOAD CMakeFiles/mavlink_test.elf.dir/Drivers/STM32F4xx_HAL_Driver/Src/stm32f4xx_hal_rcc_ex.c.obj
LOAD CMakeFiles/mavlink_test.elf.dir/Drivers/STM32F4xx_HAL_Driver/Src/stm32f4xx_hal_tim.c.obj
LOAD CMakeFiles/mavlink_test.elf.dir/Drivers/STM32F4xx_HAL_Driver/Src/stm32f4xx_hal_tim_ex.c.obj
START GROUP
LOAD d:/gnu arm embedded toolchain/10 2021.10/bin/../lib/gcc/arm-none-eabi/10.3.1/thumb/v7e-m/nofp\libgcc.a
LOAD d:/gnu arm embedded toolchain/10 2021.10/bin/../lib/gcc/arm-none-eabi/10.3.1/../../../../arm-none-eabi/lib/thumb/v7e-m/nofp\libg.a
LOAD d:/gnu arm embedded toolchain/10 2021.10/bin/../lib/gcc/arm-none-eabi/10.3.1/../../../../arm-none-eabi/lib/thumb/v7e-m/nofp\libc.a
END GROUP
LOAD d:/gnu arm embedded toolchain/10 2021.10/bin/../lib/gcc/arm-none-eabi/10.3.1/thumb/v7e-m/nofp/crtend.o
LOAD d:/gnu arm embedded toolchain/10 2021.10/bin/../lib/gcc/arm-none-eabi/10.3.1/thumb/v7e-m/nofp/crtn.o
                0x20030000                _estack = (ORIGIN (RAM) + LENGTH (RAM))
                0x00000200                _Min_Heap_Size = 0x200
                0x00000400                _Min_Stack_Size = 0x400

.isr_vector     0x08000000      0x1ac
                0x08000000                . = ALIGN (0x4)
 *(.isr_vector)
 .isr_vector    0x08000000      0x1ac CMakeFiles/mavlink_test.elf.dir/Core/Startup/startup_stm32f427iihx.s.obj
                0x08000000                g_pfnVectors
                0x080001ac                . = ALIGN (0x4)

.text           0x080001ac      0xea8
                0x080001ac                . = ALIGN (0x4)
 *(.text)
 .text          0x080001ac       0x40 d:/gnu arm embedded toolchain/10 2021.10/bin/../lib/gcc/arm-none-eabi/10.3.1/thumb/v7e-m/nofp/crtbegin.o
 .text          0x080001ec       0x30 d:/gnu arm embedded toolchain/10 2021.10/bin/../lib/gcc/arm-none-eabi/10.3.1/thumb/v7e-m/nofp\libgcc.a(_aeabi_uldivmod.o)
                0x080001ec                __aeabi_uldivmod
 .text          0x0800021c      0x2d0 d:/gnu arm embedded toolchain/10 2021.10/bin/../lib/gcc/arm-none-eabi/10.3.1/thumb/v7e-m/nofp\libgcc.a(_udivmoddi4.o)
                0x0800021c                __udivmoddi4
 .text          0x080004ec        0x4 d:/gnu arm embedded toolchain/10 2021.10/bin/../lib/gcc/arm-none-eabi/10.3.1/thumb/v7e-m/nofp\libgcc.a(_dvmd_tls.o)
                0x080004ec                __aeabi_idiv0
                0x080004ec                __aeabi_ldiv0
 *(.text*)
 .text.MX_GPIO_Init
                0x080004f0       0x38 CMakeFiles/mavlink_test.elf.dir/Core/Src/gpio.c.obj
                0x080004f0                MX_GPIO_Init
 .text.Error_Handler
                0x08000528        0x4 CMakeFiles/mavlink_test.elf.dir/Core/Src/main.c.obj
                0x08000528                Error_Handler
 .text.SystemClock_Config
                0x0800052c       0xb4 CMakeFiles/mavlink_test.elf.dir/Core/Src/main.c.obj
                0x0800052c                SystemClock_Config
 .text.main     0x080005e0       0x10 CMakeFiles/mavlink_test.elf.dir/Core/Src/main.c.obj
                0x080005e0                main
 .text.HAL_MspInit
                0x080005f0       0x38 CMakeFiles/mavlink_test.elf.dir/Core/Src/stm32f4xx_hal_msp.c.obj
                0x080005f0                HAL_MspInit
 .text.NMI_Handler
                0x08000628        0x2 CMakeFiles/mavlink_test.elf.dir/Core/Src/stm32f4xx_it.c.obj
                0x08000628                NMI_Handler
 .text.HardFault_Handler
                0x0800062a        0x2 CMakeFiles/mavlink_test.elf.dir/Core/Src/stm32f4xx_it.c.obj
                0x0800062a                HardFault_Handler
 .text.MemManage_Handler
                0x0800062c        0x2 CMakeFiles/mavlink_test.elf.dir/Core/Src/stm32f4xx_it.c.obj
                0x0800062c                MemManage_Handler
 .text.BusFault_Handler
                0x0800062e        0x2 CMakeFiles/mavlink_test.elf.dir/Core/Src/stm32f4xx_it.c.obj
                0x0800062e                BusFault_Handler
 .text.UsageFault_Handler
                0x08000630        0x2 CMakeFiles/mavlink_test.elf.dir/Core/Src/stm32f4xx_it.c.obj
                0x08000630                UsageFault_Handler
 .text.SVC_Handler
                0x08000632        0x2 CMakeFiles/mavlink_test.elf.dir/Core/Src/stm32f4xx_it.c.obj
                0x08000632                SVC_Handler
 .text.DebugMon_Handler
                0x08000634        0x2 CMakeFiles/mavlink_test.elf.dir/Core/Src/stm32f4xx_it.c.obj
                0x08000634                DebugMon_Handler
 .text.PendSV_Handler
                0x08000636        0x2 CMakeFiles/mavlink_test.elf.dir/Core/Src/stm32f4xx_it.c.obj
                0x08000636                PendSV_Handler
 .text.SysTick_Handler
                0x08000638        0x8 CMakeFiles/mavlink_test.elf.dir/Core/Src/stm32f4xx_it.c.obj
                0x08000638                SysTick_Handler
 .text.SystemInit
                0x08000640        0x2 CMakeFiles/mavlink_test.elf.dir/Core/Src/system_stm32f4xx.c.obj
                0x08000640                SystemInit
 *fill*         0x08000642        0x2 
 .text.Reset_Handler
                0x08000644       0x50 CMakeFiles/mavlink_test.elf.dir/Core/Startup/startup_stm32f427iihx.s.obj
                0x08000644                Reset_Handler
 .text.Default_Handler
                0x08000694        0x2 CMakeFiles/mavlink_test.elf.dir/Core/Startup/startup_stm32f427iihx.s.obj
                0x08000694                RTC_Alarm_IRQHandler
                0x08000694                HASH_RNG_IRQHandler
                0x08000694                EXTI2_IRQHandler
                0x08000694                TIM8_CC_IRQHandler
                0x08000694                UART8_IRQHandler
                0x08000694                SPI4_IRQHandler
                0x08000694                TIM1_CC_IRQHandler
                0x08000694                DMA2_Stream5_IRQHandler
                0x08000694                DMA1_Stream5_IRQHandler
                0x08000694                PVD_IRQHandler
                0x08000694                SDIO_IRQHandler
                0x08000694                TAMP_STAMP_IRQHandler
                0x08000694                CAN2_RX1_IRQHandler
                0x08000694                EXTI3_IRQHandler
                0x08000694                TIM8_TRG_COM_TIM14_IRQHandler
                0x08000694                TIM1_UP_TIM10_IRQHandler
                0x08000694                TIM8_UP_TIM13_IRQHandler
                0x08000694                I2C3_ER_IRQHandler
                0x08000694                EXTI0_IRQHandler
                0x08000694                I2C2_EV_IRQHandler
                0x08000694                DMA1_Stream2_IRQHandler
                0x08000694                CAN1_RX0_IRQHandler
                0x08000694                FPU_IRQHandler
                0x08000694                OTG_HS_WKUP_IRQHandler
                0x08000694                CAN2_SCE_IRQHandler
                0x08000694                DMA2_Stream2_IRQHandler
                0x08000694                SPI1_IRQHandler
                0x08000694                TIM6_DAC_IRQHandler
                0x08000694                TIM1_BRK_TIM9_IRQHandler
                0x08000694                DCMI_IRQHandler
                0x08000694                CAN2_RX0_IRQHandler
                0x08000694                DMA2_Stream3_IRQHandler
                0x08000694                USART6_IRQHandler
                0x08000694                USART3_IRQHandler
                0x08000694                CAN1_RX1_IRQHandler
                0x08000694                UART5_IRQHandler
                0x08000694                DMA2_Stream0_IRQHandler
                0x08000694                TIM4_IRQHandler
                0x08000694                I2C1_EV_IRQHandler
                0x08000694                DMA1_Stream6_IRQHandler
                0x08000694                DMA1_Stream1_IRQHandler
                0x08000694                UART4_IRQHandler
                0x08000694                TIM3_IRQHandler
                0x08000694                RCC_IRQHandler
                0x08000694                TIM8_BRK_TIM12_IRQHandler
                0x08000694                Default_Handler
                0x08000694                EXTI15_10_IRQHandler
                0x08000694                ADC_IRQHandler
                0x08000694                DMA1_Stream7_IRQHandler
                0x08000694                SPI5_IRQHandler
                0x08000694                TIM7_IRQHandler
                0x08000694                CAN2_TX_IRQHandler
                0x08000694                TIM5_IRQHandler
                0x08000694                DMA2_Stream7_IRQHandler
                0x08000694                I2C3_EV_IRQHandler
                0x08000694                EXTI9_5_IRQHandler
                0x08000694                RTC_WKUP_IRQHandler
                0x08000694                ETH_WKUP_IRQHandler
                0x08000694                SPI2_IRQHandler
                0x08000694                OTG_HS_EP1_IN_IRQHandler
                0x08000694                DMA1_Stream0_IRQHandler
                0x08000694                CAN1_TX_IRQHandler
                0x08000694                EXTI4_IRQHandler
                0x08000694                ETH_IRQHandler
                0x08000694                OTG_HS_EP1_OUT_IRQHandler
                0x08000694                WWDG_IRQHandler
                0x08000694                SPI6_IRQHandler
                0x08000694                TIM2_IRQHandler
                0x08000694                OTG_FS_WKUP_IRQHandler
                0x08000694                TIM1_TRG_COM_TIM11_IRQHandler
                0x08000694                OTG_HS_IRQHandler
                0x08000694                DMA2D_IRQHandler
                0x08000694                EXTI1_IRQHandler
                0x08000694                UART7_IRQHandler
                0x08000694                USART2_IRQHandler
                0x08000694                I2C2_ER_IRQHandler
                0x08000694                DMA2_Stream1_IRQHandler
                0x08000694                CAN1_SCE_IRQHandler
                0x08000694                FLASH_IRQHandler
                0x08000694                DMA2_Stream4_IRQHandler
                0x08000694                USART1_IRQHandler
                0x08000694                OTG_FS_IRQHandler
                0x08000694                SPI3_IRQHandler
                0x08000694                DMA1_Stream4_IRQHandler
                0x08000694                I2C1_ER_IRQHandler
                0x08000694                FMC_IRQHandler
                0x08000694                DMA2_Stream6_IRQHandler
                0x08000694                SAI1_IRQHandler
                0x08000694                DMA1_Stream3_IRQHandler
 *fill*         0x08000696        0x2 
 .text.HAL_InitTick
                0x08000698       0x4c CMakeFiles/mavlink_test.elf.dir/Drivers/STM32F4xx_HAL_Driver/Src/stm32f4xx_hal.c.obj
                0x08000698                HAL_InitTick
 .text.HAL_Init
                0x080006e4       0x34 CMakeFiles/mavlink_test.elf.dir/Drivers/STM32F4xx_HAL_Driver/Src/stm32f4xx_hal.c.obj
                0x080006e4                HAL_Init
 .text.HAL_IncTick
                0x08000718       0x18 CMakeFiles/mavlink_test.elf.dir/Drivers/STM32F4xx_HAL_Driver/Src/stm32f4xx_hal.c.obj
                0x08000718                HAL_IncTick
 .text.HAL_GetTick
                0x08000730        0xc CMakeFiles/mavlink_test.elf.dir/Drivers/STM32F4xx_HAL_Driver/Src/stm32f4xx_hal.c.obj
                0x08000730                HAL_GetTick
 .text.HAL_NVIC_SetPriorityGrouping
                0x0800073c       0x24 CMakeFiles/mavlink_test.elf.dir/Drivers/STM32F4xx_HAL_Driver/Src/stm32f4xx_hal_cortex.c.obj
                0x0800073c                HAL_NVIC_SetPriorityGrouping
 .text.HAL_NVIC_SetPriority
                0x08000760       0x70 CMakeFiles/mavlink_test.elf.dir/Drivers/STM32F4xx_HAL_Driver/Src/stm32f4xx_hal_cortex.c.obj
                0x08000760                HAL_NVIC_SetPriority
 .text.HAL_SYSTICK_Config
                0x080007d0       0x28 CMakeFiles/mavlink_test.elf.dir/Drivers/STM32F4xx_HAL_Driver/Src/stm32f4xx_hal_cortex.c.obj
                0x080007d0                HAL_SYSTICK_Config
 .text.HAL_PWREx_EnableOverDrive
                0x080007f8       0x7c CMakeFiles/mavlink_test.elf.dir/Drivers/STM32F4xx_HAL_Driver/Src/stm32f4xx_hal_pwr_ex.c.obj
                0x080007f8                HAL_PWREx_EnableOverDrive
 .text.HAL_RCC_OscConfig
                0x08000874      0x3f8 CMakeFiles/mavlink_test.elf.dir/Drivers/STM32F4xx_HAL_Driver/Src/stm32f4xx_hal_rcc.c.obj
                0x08000874                HAL_RCC_OscConfig
 .text.HAL_RCC_GetSysClockFreq
                0x08000c6c       0xa4 CMakeFiles/mavlink_test.elf.dir/Drivers/STM32F4xx_HAL_Driver/Src/stm32f4xx_hal_rcc.c.obj
                0x08000c6c                HAL_RCC_GetSysClockFreq
 .text.HAL_RCC_ClockConfig
                0x08000d10      0x160 CMakeFiles/mavlink_test.elf.dir/Drivers/STM32F4xx_HAL_Driver/Src/stm32f4xx_hal_rcc.c.obj
                0x08000d10                HAL_RCC_ClockConfig
 .text.__libc_init_array
                0x08000e70       0x48 d:/gnu arm embedded toolchain/10 2021.10/bin/../lib/gcc/arm-none-eabi/10.3.1/../../../../arm-none-eabi/lib/thumb/v7e-m/nofp\libg.a(lib_a-init.o)
                0x08000e70                __libc_init_array
 .text.memset   0x08000eb8       0xa4 d:/gnu arm embedded toolchain/10 2021.10/bin/../lib/gcc/arm-none-eabi/10.3.1/../../../../arm-none-eabi/lib/thumb/v7e-m/nofp\libg.a(lib_a-memset.o)
                0x08000eb8                memset
 .text.startup.register_fini
                0x08000f5c       0x14 d:/gnu arm embedded toolchain/10 2021.10/bin/../lib/gcc/arm-none-eabi/10.3.1/../../../../arm-none-eabi/lib/thumb/v7e-m/nofp\libg.a(lib_a-__call_atexit.o)
 .text.atexit   0x08000f70        0xc d:/gnu arm embedded toolchain/10 2021.10/bin/../lib/gcc/arm-none-eabi/10.3.1/../../../../arm-none-eabi/lib/thumb/v7e-m/nofp\libg.a(lib_a-atexit.o)
                0x08000f70                atexit
 .text.__libc_fini_array
                0x08000f7c       0x2c d:/gnu arm embedded toolchain/10 2021.10/bin/../lib/gcc/arm-none-eabi/10.3.1/../../../../arm-none-eabi/lib/thumb/v7e-m/nofp\libg.a(lib_a-fini.o)
                0x08000f7c                __libc_fini_array
 .text.__retarget_lock_acquire_recursive
                0x08000fa8        0x4 d:/gnu arm embedded toolchain/10 2021.10/bin/../lib/gcc/arm-none-eabi/10.3.1/../../../../arm-none-eabi/lib/thumb/v7e-m/nofp\libg.a(lib_a-lock.o)
                0x08000fa8                __retarget_lock_acquire_recursive
 .text.__retarget_lock_release_recursive
                0x08000fac        0x4 d:/gnu arm embedded toolchain/10 2021.10/bin/../lib/gcc/arm-none-eabi/10.3.1/../../../../arm-none-eabi/lib/thumb/v7e-m/nofp\libg.a(lib_a-lock.o)
                0x08000fac                __retarget_lock_release_recursive
 .text.__register_exitproc
                0x08000fb0       0x8c d:/gnu arm embedded toolchain/10 2021.10/bin/../lib/gcc/arm-none-eabi/10.3.1/../../../../arm-none-eabi/lib/thumb/v7e-m/nofp\libg.a(lib_a-__atexit.o)
                0x08000fb0                __register_exitproc
 *(.glue_7)
 .glue_7        0x0800103c        0x0 linker stubs
 *(.glue_7t)
 .glue_7t       0x0800103c        0x0 linker stubs
 *(.eh_frame)
 .eh_frame      0x0800103c        0x0 d:/gnu arm embedded toolchain/10 2021.10/bin/../lib/gcc/arm-none-eabi/10.3.1/thumb/v7e-m/nofp/crtbegin.o
 *(.init)
 .init          0x0800103c        0x4 d:/gnu arm embedded toolchain/10 2021.10/bin/../lib/gcc/arm-none-eabi/10.3.1/thumb/v7e-m/nofp/crti.o
                0x0800103c                _init
 .init          0x08001040        0x8 d:/gnu arm embedded toolchain/10 2021.10/bin/../lib/gcc/arm-none-eabi/10.3.1/thumb/v7e-m/nofp/crtn.o
 *(.fini)
 .fini          0x08001048        0x4 d:/gnu arm embedded toolchain/10 2021.10/bin/../lib/gcc/arm-none-eabi/10.3.1/thumb/v7e-m/nofp/crti.o
                0x08001048                _fini
 .fini          0x0800104c        0x8 d:/gnu arm embedded toolchain/10 2021.10/bin/../lib/gcc/arm-none-eabi/10.3.1/thumb/v7e-m/nofp/crtn.o
                0x08001054                . = ALIGN (0x4)
                0x08001054                _etext = .

.vfp11_veneer   0x08001054        0x0
 .vfp11_veneer  0x08001054        0x0 linker stubs

.v4_bx          0x08001054        0x0
 .v4_bx         0x08001054        0x0 linker stubs

.iplt           0x08001054        0x0
 .iplt          0x08001054        0x0 d:/gnu arm embedded toolchain/10 2021.10/bin/../lib/gcc/arm-none-eabi/10.3.1/thumb/v7e-m/nofp/crtbegin.o

.rodata         0x08001054       0x14
                0x08001054                . = ALIGN (0x4)
 *(.rodata)
 *(.rodata*)
 .rodata.AHBPrescTable
                0x08001054       0x10 CMakeFiles/mavlink_test.elf.dir/Core/Src/system_stm32f4xx.c.obj
                0x08001054                AHBPrescTable
 .rodata._global_impure_ptr
                0x08001064        0x4 d:/gnu arm embedded toolchain/10 2021.10/bin/../lib/gcc/arm-none-eabi/10.3.1/../../../../arm-none-eabi/lib/thumb/v7e-m/nofp\libg.a(lib_a-impure.o)
                0x08001064                _global_impure_ptr
                0x08001068                . = ALIGN (0x4)

.ARM.extab      0x08001068        0x0
                0x08001068                . = ALIGN (0x4)
 *(.ARM.extab* .gnu.linkonce.armextab.*)
                0x08001068                . = ALIGN (0x4)

.ARM            0x08001068        0x8
                0x08001068                . = ALIGN (0x4)
                0x08001068                __exidx_start = .
 *(.ARM.exidx*)
 .ARM.exidx     0x08001068        0x8 d:/gnu arm embedded toolchain/10 2021.10/bin/../lib/gcc/arm-none-eabi/10.3.1/thumb/v7e-m/nofp\libgcc.a(_udivmoddi4.o)
                0x08001070                __exidx_end = .
                0x08001070                . = ALIGN (0x4)

.rel.dyn        0x08001070        0x0
 .rel.iplt      0x08001070        0x0 d:/gnu arm embedded toolchain/10 2021.10/bin/../lib/gcc/arm-none-eabi/10.3.1/thumb/v7e-m/nofp/crtbegin.o

.preinit_array  0x08001070        0x0
                0x08001070                . = ALIGN (0x4)
                0x08001070                PROVIDE (__preinit_array_start = .)
 *(.preinit_array*)
                0x08001070                PROVIDE (__preinit_array_end = .)
                0x08001070                . = ALIGN (0x4)

.init_array     0x08001070        0x8
                0x08001070                . = ALIGN (0x4)
                0x08001070                PROVIDE (__init_array_start = .)
 *(SORT_BY_NAME(.init_array.*))
 .init_array.00000
                0x08001070        0x4 d:/gnu arm embedded toolchain/10 2021.10/bin/../lib/gcc/arm-none-eabi/10.3.1/../../../../arm-none-eabi/lib/thumb/v7e-m/nofp\libg.a(lib_a-__call_atexit.o)
 *(.init_array*)
 .init_array    0x08001074        0x4 d:/gnu arm embedded toolchain/10 2021.10/bin/../lib/gcc/arm-none-eabi/10.3.1/thumb/v7e-m/nofp/crtbegin.o
                0x08001078                PROVIDE (__init_array_end = .)
                0x08001078                . = ALIGN (0x4)

.fini_array     0x08001078        0x4
                0x08001078                . = ALIGN (0x4)
                0x08001078                PROVIDE (__fini_array_start = .)
 *(SORT_BY_NAME(.fini_array.*))
 *(.fini_array*)
 .fini_array    0x08001078        0x4 d:/gnu arm embedded toolchain/10 2021.10/bin/../lib/gcc/arm-none-eabi/10.3.1/thumb/v7e-m/nofp/crtbegin.o
                0x0800107c                PROVIDE (__fini_array_end = .)
                0x0800107c                . = ALIGN (0x4)
                0x0800107c                _sidata = LOADADDR (.data)

.data           0x20000000      0x43c load address 0x0800107c
                0x20000000                . = ALIGN (0x4)
                0x20000000                _sdata = .
 *(.data)
 *(.data*)
 .data.SystemCoreClock
                0x20000000        0x4 CMakeFiles/mavlink_test.elf.dir/Core/Src/system_stm32f4xx.c.obj
                0x20000000                SystemCoreClock
 .data.uwTickFreq
                0x20000004        0x1 CMakeFiles/mavlink_test.elf.dir/Drivers/STM32F4xx_HAL_Driver/Src/stm32f4xx_hal.c.obj
                0x20000004                uwTickFreq
 *fill*         0x20000005        0x3 
 .data.uwTickPrio
                0x20000008        0x4 CMakeFiles/mavlink_test.elf.dir/Drivers/STM32F4xx_HAL_Driver/Src/stm32f4xx_hal.c.obj
                0x20000008                uwTickPrio
 *fill*         0x2000000c        0x4 
 .data.impure_data
                0x20000010      0x428 d:/gnu arm embedded toolchain/10 2021.10/bin/../lib/gcc/arm-none-eabi/10.3.1/../../../../arm-none-eabi/lib/thumb/v7e-m/nofp\libg.a(lib_a-impure.o)
 .data.__atexit_recursive_mutex
                0x20000438        0x4 d:/gnu arm embedded toolchain/10 2021.10/bin/../lib/gcc/arm-none-eabi/10.3.1/../../../../arm-none-eabi/lib/thumb/v7e-m/nofp\libg.a(lib_a-__call_atexit.o)
                0x20000438                __atexit_recursive_mutex
 *(.RamFunc)
 *(.RamFunc*)
                0x2000043c                . = ALIGN (0x4)
                0x2000043c                _edata = .
                0x080014b8                _siccmram = LOADADDR (.ccmram)

.igot.plt       0x2000043c        0x0 load address 0x080014b8
 .igot.plt      0x2000043c        0x0 d:/gnu arm embedded toolchain/10 2021.10/bin/../lib/gcc/arm-none-eabi/10.3.1/thumb/v7e-m/nofp/crtbegin.o

.ccmram         0x10000000        0x0 load address 0x080014b8
                0x10000000                . = ALIGN (0x4)
                0x10000000                _sccmram = .
 *(.ccmram)
 *(.ccmram*)
                0x10000000                . = ALIGN (0x4)
                0x10000000                _eccmram = .
                0x10000000                . = ALIGN (0x4)

.bss            0x2000043c       0x24
                0x2000043c                _sbss = .
                0x2000043c                __bss_start__ = _sbss
 *(.bss)
 .bss           0x2000043c       0x1c d:/gnu arm embedded toolchain/10 2021.10/bin/../lib/gcc/arm-none-eabi/10.3.1/thumb/v7e-m/nofp/crtbegin.o
 *(.bss*)
 .bss.uwTick    0x20000458        0x4 CMakeFiles/mavlink_test.elf.dir/Drivers/STM32F4xx_HAL_Driver/Src/stm32f4xx_hal.c.obj
                0x20000458                uwTick
 .bss.__lock___atexit_recursive_mutex
                0x2000045c        0x1 d:/gnu arm embedded toolchain/10 2021.10/bin/../lib/gcc/arm-none-eabi/10.3.1/../../../../arm-none-eabi/lib/thumb/v7e-m/nofp\libg.a(lib_a-lock.o)
                0x2000045c                __lock___atexit_recursive_mutex
 *(COMMON)
                0x20000460                . = ALIGN (0x4)
 *fill*         0x2000045d        0x3 
                0x20000460                _ebss = .
                0x20000460                __bss_end__ = _ebss

._user_heap_stack
                0x20000460      0x600
                0x20000460                . = ALIGN (0x8)
                [!provide]                PROVIDE (end = .)
                0x20000460                PROVIDE (_end = .)
                0x20000660                . = (. + _Min_Heap_Size)
 *fill*         0x20000460      0x200 
                0x20000a60                . = (. + _Min_Stack_Size)
 *fill*         0x20000660      0x400 
                0x20000a60                . = ALIGN (0x8)

/DISCARD/
 libc.a(*)
 libm.a(*)
 libgcc.a(*)

.ARM.attributes
                0x00000000       0x2a
 *(.ARM.attributes)
 .ARM.attributes
                0x00000000       0x1e d:/gnu arm embedded toolchain/10 2021.10/bin/../lib/gcc/arm-none-eabi/10.3.1/thumb/v7e-m/nofp/crti.o
 .ARM.attributes
                0x0000001e       0x2e d:/gnu arm embedded toolchain/10 2021.10/bin/../lib/gcc/arm-none-eabi/10.3.1/thumb/v7e-m/nofp/crtbegin.o
 .ARM.attributes
                0x0000004c       0x2e CMakeFiles/mavlink_test.elf.dir/Core/Src/gpio.c.obj
 .ARM.attributes
                0x0000007a       0x2e CMakeFiles/mavlink_test.elf.dir/Core/Src/main.c.obj
 .ARM.attributes
                0x000000a8       0x2e CMakeFiles/mavlink_test.elf.dir/Core/Src/stm32f4xx_hal_msp.c.obj
 .ARM.attributes
                0x000000d6       0x2e CMakeFiles/mavlink_test.elf.dir/Core/Src/stm32f4xx_it.c.obj
 .ARM.attributes
                0x00000104       0x2e CMakeFiles/mavlink_test.elf.dir/Core/Src/system_stm32f4xx.c.obj
 .ARM.attributes
                0x00000132       0x21 CMakeFiles/mavlink_test.elf.dir/Core/Startup/startup_stm32f427iihx.s.obj
 .ARM.attributes
                0x00000153       0x2e CMakeFiles/mavlink_test.elf.dir/Drivers/STM32F4xx_HAL_Driver/Src/stm32f4xx_hal.c.obj
 .ARM.attributes
                0x00000181       0x2e CMakeFiles/mavlink_test.elf.dir/Drivers/STM32F4xx_HAL_Driver/Src/stm32f4xx_hal_cortex.c.obj
 .ARM.attributes
                0x000001af       0x2e CMakeFiles/mavlink_test.elf.dir/Drivers/STM32F4xx_HAL_Driver/Src/stm32f4xx_hal_pwr_ex.c.obj
 .ARM.attributes
                0x000001dd       0x2e CMakeFiles/mavlink_test.elf.dir/Drivers/STM32F4xx_HAL_Driver/Src/stm32f4xx_hal_rcc.c.obj
 .ARM.attributes
                0x0000020b       0x1e d:/gnu arm embedded toolchain/10 2021.10/bin/../lib/gcc/arm-none-eabi/10.3.1/thumb/v7e-m/nofp\libgcc.a(_aeabi_uldivmod.o)
 .ARM.attributes
                0x00000229       0x2e d:/gnu arm embedded toolchain/10 2021.10/bin/../lib/gcc/arm-none-eabi/10.3.1/thumb/v7e-m/nofp\libgcc.a(_udivmoddi4.o)
 .ARM.attributes
                0x00000257       0x1e d:/gnu arm embedded toolchain/10 2021.10/bin/../lib/gcc/arm-none-eabi/10.3.1/thumb/v7e-m/nofp\libgcc.a(_dvmd_tls.o)
 .ARM.attributes
                0x00000275       0x2e d:/gnu arm embedded toolchain/10 2021.10/bin/../lib/gcc/arm-none-eabi/10.3.1/../../../../arm-none-eabi/lib/thumb/v7e-m/nofp\libg.a(lib_a-impure.o)
 .ARM.attributes
                0x000002a3       0x2e d:/gnu arm embedded toolchain/10 2021.10/bin/../lib/gcc/arm-none-eabi/10.3.1/../../../../arm-none-eabi/lib/thumb/v7e-m/nofp\libg.a(lib_a-init.o)
 .ARM.attributes
                0x000002d1       0x2e d:/gnu arm embedded toolchain/10 2021.10/bin/../lib/gcc/arm-none-eabi/10.3.1/../../../../arm-none-eabi/lib/thumb/v7e-m/nofp\libg.a(lib_a-memset.o)
 .ARM.attributes
                0x000002ff       0x2e d:/gnu arm embedded toolchain/10 2021.10/bin/../lib/gcc/arm-none-eabi/10.3.1/../../../../arm-none-eabi/lib/thumb/v7e-m/nofp\libg.a(lib_a-__call_atexit.o)
 .ARM.attributes
                0x0000032d       0x2e d:/gnu arm embedded toolchain/10 2021.10/bin/../lib/gcc/arm-none-eabi/10.3.1/../../../../arm-none-eabi/lib/thumb/v7e-m/nofp\libg.a(lib_a-atexit.o)
 .ARM.attributes
                0x0000035b       0x2e d:/gnu arm embedded toolchain/10 2021.10/bin/../lib/gcc/arm-none-eabi/10.3.1/../../../../arm-none-eabi/lib/thumb/v7e-m/nofp\libg.a(lib_a-fini.o)
 .ARM.attributes
                0x00000389       0x2e d:/gnu arm embedded toolchain/10 2021.10/bin/../lib/gcc/arm-none-eabi/10.3.1/../../../../arm-none-eabi/lib/thumb/v7e-m/nofp\libg.a(lib_a-lock.o)
 .ARM.attributes
                0x000003b7       0x2e d:/gnu arm embedded toolchain/10 2021.10/bin/../lib/gcc/arm-none-eabi/10.3.1/../../../../arm-none-eabi/lib/thumb/v7e-m/nofp\libg.a(lib_a-__atexit.o)
 .ARM.attributes
                0x000003e5       0x1e d:/gnu arm embedded toolchain/10 2021.10/bin/../lib/gcc/arm-none-eabi/10.3.1/thumb/v7e-m/nofp/crtn.o
OUTPUT(mavlink_test.elf elf32-littlearm)
LOAD linker stubs
LOAD d:/gnu arm embedded toolchain/10 2021.10/bin/../lib/gcc/arm-none-eabi/10.3.1/../../../../arm-none-eabi/lib/thumb/v7e-m/nofp\libc.a
LOAD d:/gnu arm embedded toolchain/10 2021.10/bin/../lib/gcc/arm-none-eabi/10.3.1/../../../../arm-none-eabi/lib/thumb/v7e-m/nofp\libm.a
LOAD d:/gnu arm embedded toolchain/10 2021.10/bin/../lib/gcc/arm-none-eabi/10.3.1/thumb/v7e-m/nofp\libgcc.a

.debug_info     0x00000000     0x3e0e
 .debug_info    0x00000000      0x2c0 CMakeFiles/mavlink_test.elf.dir/Core/Src/gpio.c.obj
 .debug_info    0x000002c0      0x5ac CMakeFiles/mavlink_test.elf.dir/Core/Src/main.c.obj
 .debug_info    0x0000086c      0x2c0 CMakeFiles/mavlink_test.elf.dir/Core/Src/stm32f4xx_hal_msp.c.obj
 .debug_info    0x00000b2c      0x12f CMakeFiles/mavlink_test.elf.dir/Core/Src/stm32f4xx_it.c.obj
 .debug_info    0x00000c5b      0x399 CMakeFiles/mavlink_test.elf.dir/Core/Src/system_stm32f4xx.c.obj
 .debug_info    0x00000ff4       0x22 CMakeFiles/mavlink_test.elf.dir/Core/Startup/startup_stm32f427iihx.s.obj
 .debug_info    0x00001016      0xa5c CMakeFiles/mavlink_test.elf.dir/Drivers/STM32F4xx_HAL_Driver/Src/stm32f4xx_hal.c.obj
 .debug_info    0x00001a72     0x10c2 CMakeFiles/mavlink_test.elf.dir/Drivers/STM32F4xx_HAL_Driver/Src/stm32f4xx_hal_cortex.c.obj
 .debug_info    0x00002b34      0x7bb CMakeFiles/mavlink_test.elf.dir/Drivers/STM32F4xx_HAL_Driver/Src/stm32f4xx_hal_pwr_ex.c.obj
 .debug_info    0x000032ef      0xb1f CMakeFiles/mavlink_test.elf.dir/Drivers/STM32F4xx_HAL_Driver/Src/stm32f4xx_hal_rcc.c.obj

.debug_abbrev   0x00000000      0xebc
 .debug_abbrev  0x00000000       0xd1 CMakeFiles/mavlink_test.elf.dir/Core/Src/gpio.c.obj
 .debug_abbrev  0x000000d1      0x1b7 CMakeFiles/mavlink_test.elf.dir/Core/Src/main.c.obj
 .debug_abbrev  0x00000288       0xd1 CMakeFiles/mavlink_test.elf.dir/Core/Src/stm32f4xx_hal_msp.c.obj
 .debug_abbrev  0x00000359       0x7e CMakeFiles/mavlink_test.elf.dir/Core/Src/stm32f4xx_it.c.obj
 .debug_abbrev  0x000003d7      0x119 CMakeFiles/mavlink_test.elf.dir/Core/Src/system_stm32f4xx.c.obj
 .debug_abbrev  0x000004f0       0x12 CMakeFiles/mavlink_test.elf.dir/Core/Startup/startup_stm32f427iihx.s.obj
 .debug_abbrev  0x00000502      0x206 CMakeFiles/mavlink_test.elf.dir/Drivers/STM32F4xx_HAL_Driver/Src/stm32f4xx_hal.c.obj
 .debug_abbrev  0x00000708      0x36a CMakeFiles/mavlink_test.elf.dir/Drivers/STM32F4xx_HAL_Driver/Src/stm32f4xx_hal_cortex.c.obj
 .debug_abbrev  0x00000a72      0x1c0 CMakeFiles/mavlink_test.elf.dir/Drivers/STM32F4xx_HAL_Driver/Src/stm32f4xx_hal_pwr_ex.c.obj
 .debug_abbrev  0x00000c32      0x28a CMakeFiles/mavlink_test.elf.dir/Drivers/STM32F4xx_HAL_Driver/Src/stm32f4xx_hal_rcc.c.obj

.debug_aranges  0x00000000      0x3b0
 .debug_aranges
                0x00000000       0x20 CMakeFiles/mavlink_test.elf.dir/Core/Src/gpio.c.obj
 .debug_aranges
                0x00000020       0x30 CMakeFiles/mavlink_test.elf.dir/Core/Src/main.c.obj
 .debug_aranges
                0x00000050       0x20 CMakeFiles/mavlink_test.elf.dir/Core/Src/stm32f4xx_hal_msp.c.obj
 .debug_aranges
                0x00000070       0x60 CMakeFiles/mavlink_test.elf.dir/Core/Src/stm32f4xx_it.c.obj
 .debug_aranges
                0x000000d0       0x28 CMakeFiles/mavlink_test.elf.dir/Core/Src/system_stm32f4xx.c.obj
 .debug_aranges
                0x000000f8       0x28 CMakeFiles/mavlink_test.elf.dir/Core/Startup/startup_stm32f427iihx.s.obj
 .debug_aranges
                0x00000120      0x100 CMakeFiles/mavlink_test.elf.dir/Drivers/STM32F4xx_HAL_Driver/Src/stm32f4xx_hal.c.obj
 .debug_aranges
                0x00000220       0xa8 CMakeFiles/mavlink_test.elf.dir/Drivers/STM32F4xx_HAL_Driver/Src/stm32f4xx_hal_cortex.c.obj
 .debug_aranges
                0x000002c8       0x60 CMakeFiles/mavlink_test.elf.dir/Drivers/STM32F4xx_HAL_Driver/Src/stm32f4xx_hal_pwr_ex.c.obj
 .debug_aranges
                0x00000328       0x88 CMakeFiles/mavlink_test.elf.dir/Drivers/STM32F4xx_HAL_Driver/Src/stm32f4xx_hal_rcc.c.obj

.debug_ranges   0x00000000      0x390
 .debug_ranges  0x00000000       0x10 CMakeFiles/mavlink_test.elf.dir/Core/Src/gpio.c.obj
 .debug_ranges  0x00000010       0x20 CMakeFiles/mavlink_test.elf.dir/Core/Src/main.c.obj
 .debug_ranges  0x00000030       0x10 CMakeFiles/mavlink_test.elf.dir/Core/Src/stm32f4xx_hal_msp.c.obj
 .debug_ranges  0x00000040       0x50 CMakeFiles/mavlink_test.elf.dir/Core/Src/stm32f4xx_it.c.obj
 .debug_ranges  0x00000090       0x18 CMakeFiles/mavlink_test.elf.dir/Core/Src/system_stm32f4xx.c.obj
 .debug_ranges  0x000000a8       0x20 CMakeFiles/mavlink_test.elf.dir/Core/Startup/startup_stm32f427iihx.s.obj
 .debug_ranges  0x000000c8       0xf0 CMakeFiles/mavlink_test.elf.dir/Drivers/STM32F4xx_HAL_Driver/Src/stm32f4xx_hal.c.obj
 .debug_ranges  0x000001b8       0xf8 CMakeFiles/mavlink_test.elf.dir/Drivers/STM32F4xx_HAL_Driver/Src/stm32f4xx_hal_cortex.c.obj
 .debug_ranges  0x000002b0       0x50 CMakeFiles/mavlink_test.elf.dir/Drivers/STM32F4xx_HAL_Driver/Src/stm32f4xx_hal_pwr_ex.c.obj
 .debug_ranges  0x00000300       0x90 CMakeFiles/mavlink_test.elf.dir/Drivers/STM32F4xx_HAL_Driver/Src/stm32f4xx_hal_rcc.c.obj

.debug_line     0x00000000     0x289e
 .debug_line    0x00000000      0x165 CMakeFiles/mavlink_test.elf.dir/Core/Src/gpio.c.obj
 .debug_line    0x00000165      0x37e CMakeFiles/mavlink_test.elf.dir/Core/Src/main.c.obj
 .debug_line    0x000004e3      0x172 CMakeFiles/mavlink_test.elf.dir/Core/Src/stm32f4xx_hal_msp.c.obj
 .debug_line    0x00000655      0x1a3 CMakeFiles/mavlink_test.elf.dir/Core/Src/stm32f4xx_it.c.obj
 .debug_line    0x000007f8      0x23b CMakeFiles/mavlink_test.elf.dir/Core/Src/system_stm32f4xx.c.obj
 .debug_line    0x00000a33       0x9b CMakeFiles/mavlink_test.elf.dir/Core/Startup/startup_stm32f427iihx.s.obj
 .debug_line    0x00000ace      0x5e1 CMakeFiles/mavlink_test.elf.dir/Drivers/STM32F4xx_HAL_Driver/Src/stm32f4xx_hal.c.obj
 .debug_line    0x000010af      0x7bc CMakeFiles/mavlink_test.elf.dir/Drivers/STM32F4xx_HAL_Driver/Src/stm32f4xx_hal_cortex.c.obj
 .debug_line    0x0000186b      0x4f6 CMakeFiles/mavlink_test.elf.dir/Drivers/STM32F4xx_HAL_Driver/Src/stm32f4xx_hal_pwr_ex.c.obj
 .debug_line    0x00001d61      0xb3d CMakeFiles/mavlink_test.elf.dir/Drivers/STM32F4xx_HAL_Driver/Src/stm32f4xx_hal_rcc.c.obj

.debug_str      0x00000000     0x17ed
 .debug_str     0x00000000      0x298 CMakeFiles/mavlink_test.elf.dir/Core/Src/gpio.c.obj
                                0x2da (size before relaxing)
 .debug_str     0x00000298      0x1fe CMakeFiles/mavlink_test.elf.dir/Core/Src/main.c.obj
                                0x4c1 (size before relaxing)
 .debug_str     0x00000496       0x3f CMakeFiles/mavlink_test.elf.dir/Core/Src/stm32f4xx_hal_msp.c.obj
                                0x2e6 (size before relaxing)
 .debug_str     0x000004d5       0xca CMakeFiles/mavlink_test.elf.dir/Core/Src/stm32f4xx_it.c.obj
                                0x247 (size before relaxing)
 .debug_str     0x0000059f       0x9a CMakeFiles/mavlink_test.elf.dir/Core/Src/system_stm32f4xx.c.obj
                                0x34c (size before relaxing)
 .debug_str     0x00000639       0x49 CMakeFiles/mavlink_test.elf.dir/Core/Startup/startup_stm32f427iihx.s.obj
                                 0x71 (size before relaxing)
 .debug_str     0x00000682      0x906 CMakeFiles/mavlink_test.elf.dir/Drivers/STM32F4xx_HAL_Driver/Src/stm32f4xx_hal.c.obj
                                0xc0d (size before relaxing)
 .debug_str     0x00000f88      0x4dc CMakeFiles/mavlink_test.elf.dir/Drivers/STM32F4xx_HAL_Driver/Src/stm32f4xx_hal_cortex.c.obj
                                0xc91 (size before relaxing)
 .debug_str     0x00001464      0x151 CMakeFiles/mavlink_test.elf.dir/Drivers/STM32F4xx_HAL_Driver/Src/stm32f4xx_hal_pwr_ex.c.obj
                                0x4f6 (size before relaxing)
 .debug_str     0x000015b5      0x238 CMakeFiles/mavlink_test.elf.dir/Drivers/STM32F4xx_HAL_Driver/Src/stm32f4xx_hal_rcc.c.obj
                                0x731 (size before relaxing)

.comment        0x00000000       0x49
 .comment       0x00000000       0x49 CMakeFiles/mavlink_test.elf.dir/Core/Src/gpio.c.obj
                                 0x4a (size before relaxing)
 .comment       0x00000049       0x4a CMakeFiles/mavlink_test.elf.dir/Core/Src/main.c.obj
 .comment       0x00000049       0x4a CMakeFiles/mavlink_test.elf.dir/Core/Src/stm32f4xx_hal_msp.c.obj
 .comment       0x00000049       0x4a CMakeFiles/mavlink_test.elf.dir/Core/Src/stm32f4xx_it.c.obj
 .comment       0x00000049       0x4a CMakeFiles/mavlink_test.elf.dir/Core/Src/system_stm32f4xx.c.obj
 .comment       0x00000049       0x4a CMakeFiles/mavlink_test.elf.dir/Drivers/STM32F4xx_HAL_Driver/Src/stm32f4xx_hal.c.obj
 .comment       0x00000049       0x4a CMakeFiles/mavlink_test.elf.dir/Drivers/STM32F4xx_HAL_Driver/Src/stm32f4xx_hal_cortex.c.obj
 .comment       0x00000049       0x4a CMakeFiles/mavlink_test.elf.dir/Drivers/STM32F4xx_HAL_Driver/Src/stm32f4xx_hal_pwr_ex.c.obj
 .comment       0x00000049       0x4a CMakeFiles/mavlink_test.elf.dir/Drivers/STM32F4xx_HAL_Driver/Src/stm32f4xx_hal_rcc.c.obj

.debug_frame    0x00000000      0x980
 .debug_frame   0x00000000       0x28 CMakeFiles/mavlink_test.elf.dir/Core/Src/gpio.c.obj
 .debug_frame   0x00000028       0x58 CMakeFiles/mavlink_test.elf.dir/Core/Src/main.c.obj
 .debug_frame   0x00000080       0x28 CMakeFiles/mavlink_test.elf.dir/Core/Src/stm32f4xx_hal_msp.c.obj
 .debug_frame   0x000000a8       0xa8 CMakeFiles/mavlink_test.elf.dir/Core/Src/stm32f4xx_it.c.obj
 .debug_frame   0x00000150       0x30 CMakeFiles/mavlink_test.elf.dir/Core/Src/system_stm32f4xx.c.obj
 .debug_frame   0x00000180      0x20c CMakeFiles/mavlink_test.elf.dir/Drivers/STM32F4xx_HAL_Driver/Src/stm32f4xx_hal.c.obj
 .debug_frame   0x0000038c      0x148 CMakeFiles/mavlink_test.elf.dir/Drivers/STM32F4xx_HAL_Driver/Src/stm32f4xx_hal_cortex.c.obj
 .debug_frame   0x000004d4       0xf4 CMakeFiles/mavlink_test.elf.dir/Drivers/STM32F4xx_HAL_Driver/Src/stm32f4xx_hal_pwr_ex.c.obj
 .debug_frame   0x000005c8      0x16c CMakeFiles/mavlink_test.elf.dir/Drivers/STM32F4xx_HAL_Driver/Src/stm32f4xx_hal_rcc.c.obj
 .debug_frame   0x00000734       0x2c d:/gnu arm embedded toolchain/10 2021.10/bin/../lib/gcc/arm-none-eabi/10.3.1/thumb/v7e-m/nofp\libgcc.a(_aeabi_uldivmod.o)
 .debug_frame   0x00000760       0x34 d:/gnu arm embedded toolchain/10 2021.10/bin/../lib/gcc/arm-none-eabi/10.3.1/thumb/v7e-m/nofp\libgcc.a(_udivmoddi4.o)
 .debug_frame   0x00000794       0x2c d:/gnu arm embedded toolchain/10 2021.10/bin/../lib/gcc/arm-none-eabi/10.3.1/../../../../arm-none-eabi/lib/thumb/v7e-m/nofp\libg.a(lib_a-init.o)
 .debug_frame   0x000007c0       0x2c d:/gnu arm embedded toolchain/10 2021.10/bin/../lib/gcc/arm-none-eabi/10.3.1/../../../../arm-none-eabi/lib/thumb/v7e-m/nofp\libg.a(lib_a-memset.o)
 .debug_frame   0x000007ec       0x5c d:/gnu arm embedded toolchain/10 2021.10/bin/../lib/gcc/arm-none-eabi/10.3.1/../../../../arm-none-eabi/lib/thumb/v7e-m/nofp\libg.a(lib_a-__call_atexit.o)
 .debug_frame   0x00000848       0x20 d:/gnu arm embedded toolchain/10 2021.10/bin/../lib/gcc/arm-none-eabi/10.3.1/../../../../arm-none-eabi/lib/thumb/v7e-m/nofp\libg.a(lib_a-atexit.o)
 .debug_frame   0x00000868       0x34 d:/gnu arm embedded toolchain/10 2021.10/bin/../lib/gcc/arm-none-eabi/10.3.1/../../../../arm-none-eabi/lib/thumb/v7e-m/nofp\libg.a(lib_a-fini.o)
 .debug_frame   0x0000089c       0xb0 d:/gnu arm embedded toolchain/10 2021.10/bin/../lib/gcc/arm-none-eabi/10.3.1/../../../../arm-none-eabi/lib/thumb/v7e-m/nofp\libg.a(lib_a-lock.o)
 .debug_frame   0x0000094c       0x34 d:/gnu arm embedded toolchain/10 2021.10/bin/../lib/gcc/arm-none-eabi/10.3.1/../../../../arm-none-eabi/lib/thumb/v7e-m/nofp\libg.a(lib_a-__atexit.o)

.debug_loc      0x00000000     0x1191
 .debug_loc     0x00000000      0x158 CMakeFiles/mavlink_test.elf.dir/Core/Src/system_stm32f4xx.c.obj
 .debug_loc     0x00000158      0x141 CMakeFiles/mavlink_test.elf.dir/Drivers/STM32F4xx_HAL_Driver/Src/stm32f4xx_hal.c.obj
 .debug_loc     0x00000299      0x744 CMakeFiles/mavlink_test.elf.dir/Drivers/STM32F4xx_HAL_Driver/Src/stm32f4xx_hal_cortex.c.obj
 .debug_loc     0x000009dd      0x228 CMakeFiles/mavlink_test.elf.dir/Drivers/STM32F4xx_HAL_Driver/Src/stm32f4xx_hal_pwr_ex.c.obj
 .debug_loc     0x00000c05      0x58c CMakeFiles/mavlink_test.elf.dir/Drivers/STM32F4xx_HAL_Driver/Src/stm32f4xx_hal_rcc.c.obj
